V3 12
FL C:/Users/MRSH/Documents/az/memories/CAM.vhd 2020/11/15.16:39:19 P.20131013
EN work/CAM 1605445763 FL C:/Users/MRSH/Documents/az/memories/CAM.vhd \
      PB ieee/std_logic_1164 1381692176 PB ieee/NUMERIC_STD 1381692181
AR work/CAM/Behavioral 1605445764 \
      FL C:/Users/MRSH/Documents/az/memories/CAM.vhd EN work/CAM 1605445763
FL C:/Users/MRSH/Documents/az/memories/Dual_RAM.vhd 2020/11/15.14:07:01 P.20131013
EN work/Dual_RAM 1605442008 FL C:/Users/MRSH/Documents/az/memories/Dual_RAM.vhd \
      PB ieee/std_logic_1164 1381692176 PB ieee/NUMERIC_STD 1381692181
AR work/Dual_RAM/Behavioral 1605442009 \
      FL C:/Users/MRSH/Documents/az/memories/Dual_RAM.vhd EN work/Dual_RAM 1605442008
FL C:/Users/MRSH/Documents/az/memories/RAM.vhd 2020/11/15.12:35:18 P.20131013
EN work/RAM 1605431122 FL C:/Users/MRSH/Documents/az/memories/RAM.vhd \
      PB ieee/std_logic_1164 1381692176 PB ieee/NUMERIC_STD 1381692181
AR work/RAM/Behavioral 1605431123 \
      FL C:/Users/MRSH/Documents/az/memories/RAM.vhd EN work/RAM 1605431122
FL C:/Users/MRSH/Documents/az/memories/ROM.vhd 2020/11/15.13:22:58 P.20131013
EN work/ROM 1605433981 FL C:/Users/MRSH/Documents/az/memories/ROM.vhd \
      PB ieee/std_logic_1164 1381692176 PB ieee/NUMERIC_STD 1381692181
AR work/ROM/Behavioral 1605433982 \
      FL C:/Users/MRSH/Documents/az/memories/ROM.vhd EN work/ROM 1605433981
