V3 3
FL C:/Users/Home/Desktop/Lab/devider/devider.vhd 2020/12/01.21:12:44 P.20131013
EN work/devider 1606844566 FL C:/Users/Home/Desktop/Lab/devider/devider.vhd \
      PB ieee/std_logic_1164 1381692176 PB ieee/NUMERIC_STD 1381692181
AR work/devider/Behavioral 1606844567 \
      FL C:/Users/Home/Desktop/Lab/devider/devider.vhd EN work/devider 1606844566
