--------------------------------------------------------------------------------
Release 14.7 Trace  (nt)
Copyright (c) 1995-2013 Xilinx, Inc.  All rights reserved.

C:\Xilinx\14.7\ISE_DS\ISE\bin\nt\unwrapped\trce.exe -intstyle ise -v 3 -s 5 -n
3 -fastpaths -xml devider.twx devider.ncd -o devider.twr devider.pcf

Design file:              devider.ncd
Physical constraint file: devider.pcf
Device,package,speed:     xc3s400,pq208,-5 (PRODUCTION 1.39 2013-10-13)
Report level:             verbose report

Environment Variable      Effect 
--------------------      ------ 
NONE                      No environment variables were set
--------------------------------------------------------------------------------

INFO:Timing:2698 - No timing constraints found, doing default enumeration.
INFO:Timing:3412 - To improve timing, see the Timing Closure User Guide (UG612).
INFO:Timing:2752 - To get complete path coverage, use the unconstrained paths 
   option. All paths that are not constrained will be reported in the 
   unconstrained paths section(s) of the report.
INFO:Timing:3339 - The clock-to-out numbers in this timing report are based on 
   a 50 Ohm transmission line loading model.  For the details of this model, 
   and for more information on accounting for different loading conditions, 
   please see the device datasheet.
INFO:Timing:3390 - This architecture does not support a default System Jitter 
   value, please add SYSTEM_JITTER constraint to the UCF to modify the Clock 
   Uncertainty calculation.
INFO:Timing:3389 - This architecture does not support 'Discrete Jitter' and 
   'Phase Error' calculations, these terms will be zero in the Clock 
   Uncertainty calculation.  Please make appropriate modification to 
   SYSTEM_JITTER to account for the unsupported Discrete Jitter and Phase 
   Error.



Data Sheet report:
-----------------
All values displayed in nanoseconds (ns)

Setup/Hold to clock p<4>
------------+------------+------------+------------------+--------+
            |Max Setup to|Max Hold to |                  | Clock  |
Source      | clk (edge) | clk (edge) |Internal Clock(s) | Phase  |
------------+------------+------------+------------------+--------+
p<0>        |   77.752(F)|   -4.601(F)|q_not0001         |   0.000|
p<1>        |   77.090(F)|   -4.049(F)|q_not0001         |   0.000|
p<2>        |   77.630(F)|   -4.503(F)|q_not0001         |   0.000|
p<3>        |   76.933(F)|   -3.924(F)|q_not0001         |   0.000|
------------+------------+------------+------------------+--------+

Setup/Hold to clock p<5>
------------+------------+------------+------------------+--------+
            |Max Setup to|Max Hold to |                  | Clock  |
Source      | clk (edge) | clk (edge) |Internal Clock(s) | Phase  |
------------+------------+------------+------------------+--------+
p<0>        |   77.624(F)|   -4.442(F)|q_not0001         |   0.000|
p<1>        |   76.962(F)|   -3.890(F)|q_not0001         |   0.000|
p<2>        |   77.502(F)|   -4.344(F)|q_not0001         |   0.000|
p<3>        |   76.805(F)|   -3.765(F)|q_not0001         |   0.000|
------------+------------+------------+------------------+--------+

Setup/Hold to clock p<6>
------------+------------+------------+------------------+--------+
            |Max Setup to|Max Hold to |                  | Clock  |
Source      | clk (edge) | clk (edge) |Internal Clock(s) | Phase  |
------------+------------+------------+------------------+--------+
p<0>        |   79.144(F)|   -6.341(F)|q_not0001         |   0.000|
p<1>        |   78.482(F)|   -5.789(F)|q_not0001         |   0.000|
p<2>        |   79.022(F)|   -6.243(F)|q_not0001         |   0.000|
p<3>        |   78.325(F)|   -5.664(F)|q_not0001         |   0.000|
------------+------------+------------+------------------+--------+

Setup/Hold to clock p<7>
------------+------------+------------+------------------+--------+
            |Max Setup to|Max Hold to |                  | Clock  |
Source      | clk (edge) | clk (edge) |Internal Clock(s) | Phase  |
------------+------------+------------+------------------+--------+
p<0>        |   79.382(F)|   -6.639(F)|q_not0001         |   0.000|
p<1>        |   78.720(F)|   -6.087(F)|q_not0001         |   0.000|
p<2>        |   79.260(F)|   -6.541(F)|q_not0001         |   0.000|
p<3>        |   78.563(F)|   -5.962(F)|q_not0001         |   0.000|
------------+------------+------------+------------------+--------+

Setup/Hold to clock s<0>
------------+------------+------------+------------------+--------+
            |Max Setup to|Max Hold to |                  | Clock  |
Source      | clk (edge) | clk (edge) |Internal Clock(s) | Phase  |
------------+------------+------------+------------------+--------+
p<0>        |   77.065(F)|   -3.743(F)|q_not0001         |   0.000|
p<1>        |   76.403(F)|   -3.191(F)|q_not0001         |   0.000|
p<2>        |   76.943(F)|   -3.645(F)|q_not0001         |   0.000|
p<3>        |   76.246(F)|   -3.066(F)|q_not0001         |   0.000|
------------+------------+------------+------------------+--------+

Setup/Hold to clock s<1>
------------+------------+------------+------------------+--------+
            |Max Setup to|Max Hold to |                  | Clock  |
Source      | clk (edge) | clk (edge) |Internal Clock(s) | Phase  |
------------+------------+------------+------------------+--------+
p<0>        |   77.378(F)|   -4.134(F)|q_not0001         |   0.000|
p<1>        |   76.716(F)|   -3.582(F)|q_not0001         |   0.000|
p<2>        |   77.256(F)|   -4.036(F)|q_not0001         |   0.000|
p<3>        |   76.559(F)|   -3.457(F)|q_not0001         |   0.000|
------------+------------+------------+------------------+--------+

Setup/Hold to clock s<2>
------------+------------+------------+------------------+--------+
            |Max Setup to|Max Hold to |                  | Clock  |
Source      | clk (edge) | clk (edge) |Internal Clock(s) | Phase  |
------------+------------+------------+------------------+--------+
p<0>        |   78.817(F)|   -5.932(F)|q_not0001         |   0.000|
p<1>        |   78.155(F)|   -5.380(F)|q_not0001         |   0.000|
p<2>        |   78.695(F)|   -5.834(F)|q_not0001         |   0.000|
p<3>        |   77.998(F)|   -5.255(F)|q_not0001         |   0.000|
------------+------------+------------+------------------+--------+

Setup/Hold to clock s<3>
------------+------------+------------+------------------+--------+
            |Max Setup to|Max Hold to |                  | Clock  |
Source      | clk (edge) | clk (edge) |Internal Clock(s) | Phase  |
------------+------------+------------+------------------+--------+
p<0>        |   78.948(F)|   -6.096(F)|q_not0001         |   0.000|
p<1>        |   78.286(F)|   -5.544(F)|q_not0001         |   0.000|
p<2>        |   78.826(F)|   -5.998(F)|q_not0001         |   0.000|
p<3>        |   78.129(F)|   -5.419(F)|q_not0001         |   0.000|
------------+------------+------------+------------------+--------+

Clock p<4> to Pad
------------+------------+------------------+--------+
            | clk (edge) |                  | Clock  |
Destination |   to PAD   |Internal Clock(s) | Phase  |
------------+------------+------------------+--------+
q<0>        |   11.407(F)|q_not0001         |   0.000|
q<1>        |   11.550(F)|q_not0001         |   0.000|
q<2>        |   11.513(F)|q_not0001         |   0.000|
q<3>        |   11.513(F)|q_not0001         |   0.000|
r<0>        |   11.550(F)|q_not0001         |   0.000|
r<1>        |   11.556(F)|q_not0001         |   0.000|
r<2>        |   11.550(F)|q_not0001         |   0.000|
r<3>        |   11.556(F)|q_not0001         |   0.000|
------------+------------+------------------+--------+

Clock p<5> to Pad
------------+------------+------------------+--------+
            | clk (edge) |                  | Clock  |
Destination |   to PAD   |Internal Clock(s) | Phase  |
------------+------------+------------------+--------+
q<0>        |   11.566(F)|q_not0001         |   0.000|
q<1>        |   11.709(F)|q_not0001         |   0.000|
q<2>        |   11.672(F)|q_not0001         |   0.000|
q<3>        |   11.672(F)|q_not0001         |   0.000|
r<0>        |   11.709(F)|q_not0001         |   0.000|
r<1>        |   11.715(F)|q_not0001         |   0.000|
r<2>        |   11.709(F)|q_not0001         |   0.000|
r<3>        |   11.715(F)|q_not0001         |   0.000|
------------+------------+------------------+--------+

Clock p<6> to Pad
------------+------------+------------------+--------+
            | clk (edge) |                  | Clock  |
Destination |   to PAD   |Internal Clock(s) | Phase  |
------------+------------+------------------+--------+
q<0>        |    9.667(F)|q_not0001         |   0.000|
q<1>        |    9.810(F)|q_not0001         |   0.000|
q<2>        |    9.773(F)|q_not0001         |   0.000|
q<3>        |    9.773(F)|q_not0001         |   0.000|
r<0>        |    9.810(F)|q_not0001         |   0.000|
r<1>        |    9.816(F)|q_not0001         |   0.000|
r<2>        |    9.810(F)|q_not0001         |   0.000|
r<3>        |    9.816(F)|q_not0001         |   0.000|
------------+------------+------------------+--------+

Clock p<7> to Pad
------------+------------+------------------+--------+
            | clk (edge) |                  | Clock  |
Destination |   to PAD   |Internal Clock(s) | Phase  |
------------+------------+------------------+--------+
q<0>        |    9.369(F)|q_not0001         |   0.000|
q<1>        |    9.512(F)|q_not0001         |   0.000|
q<2>        |    9.475(F)|q_not0001         |   0.000|
q<3>        |    9.475(F)|q_not0001         |   0.000|
r<0>        |    9.512(F)|q_not0001         |   0.000|
r<1>        |    9.518(F)|q_not0001         |   0.000|
r<2>        |    9.512(F)|q_not0001         |   0.000|
r<3>        |    9.518(F)|q_not0001         |   0.000|
------------+------------+------------------+--------+

Clock s<0> to Pad
------------+------------+------------------+--------+
            | clk (edge) |                  | Clock  |
Destination |   to PAD   |Internal Clock(s) | Phase  |
------------+------------+------------------+--------+
q<0>        |   12.265(F)|q_not0001         |   0.000|
q<1>        |   12.408(F)|q_not0001         |   0.000|
q<2>        |   12.371(F)|q_not0001         |   0.000|
q<3>        |   12.371(F)|q_not0001         |   0.000|
r<0>        |   12.408(F)|q_not0001         |   0.000|
r<1>        |   12.414(F)|q_not0001         |   0.000|
r<2>        |   12.408(F)|q_not0001         |   0.000|
r<3>        |   12.414(F)|q_not0001         |   0.000|
------------+------------+------------------+--------+

Clock s<1> to Pad
------------+------------+------------------+--------+
            | clk (edge) |                  | Clock  |
Destination |   to PAD   |Internal Clock(s) | Phase  |
------------+------------+------------------+--------+
q<0>        |   11.874(F)|q_not0001         |   0.000|
q<1>        |   12.017(F)|q_not0001         |   0.000|
q<2>        |   11.980(F)|q_not0001         |   0.000|
q<3>        |   11.980(F)|q_not0001         |   0.000|
r<0>        |   12.017(F)|q_not0001         |   0.000|
r<1>        |   12.023(F)|q_not0001         |   0.000|
r<2>        |   12.017(F)|q_not0001         |   0.000|
r<3>        |   12.023(F)|q_not0001         |   0.000|
------------+------------+------------------+--------+

Clock s<2> to Pad
------------+------------+------------------+--------+
            | clk (edge) |                  | Clock  |
Destination |   to PAD   |Internal Clock(s) | Phase  |
------------+------------+------------------+--------+
q<0>        |   10.076(F)|q_not0001         |   0.000|
q<1>        |   10.219(F)|q_not0001         |   0.000|
q<2>        |   10.182(F)|q_not0001         |   0.000|
q<3>        |   10.182(F)|q_not0001         |   0.000|
r<0>        |   10.219(F)|q_not0001         |   0.000|
r<1>        |   10.225(F)|q_not0001         |   0.000|
r<2>        |   10.219(F)|q_not0001         |   0.000|
r<3>        |   10.225(F)|q_not0001         |   0.000|
------------+------------+------------------+--------+

Clock s<3> to Pad
------------+------------+------------------+--------+
            | clk (edge) |                  | Clock  |
Destination |   to PAD   |Internal Clock(s) | Phase  |
------------+------------+------------------+--------+
q<0>        |    9.912(F)|q_not0001         |   0.000|
q<1>        |   10.055(F)|q_not0001         |   0.000|
q<2>        |   10.018(F)|q_not0001         |   0.000|
q<3>        |   10.018(F)|q_not0001         |   0.000|
r<0>        |   10.055(F)|q_not0001         |   0.000|
r<1>        |   10.061(F)|q_not0001         |   0.000|
r<2>        |   10.055(F)|q_not0001         |   0.000|
r<3>        |   10.061(F)|q_not0001         |   0.000|
------------+------------+------------------+--------+

Clock to Setup on destination clock p<4>
---------------+---------+---------+---------+---------+
               | Src:Rise| Src:Fall| Src:Rise| Src:Fall|
Source Clock   |Dest:Rise|Dest:Rise|Dest:Fall|Dest:Fall|
---------------+---------+---------+---------+---------+
p<4>           |         |         |   77.290|   77.290|
p<5>           |         |         |   77.515|   77.515|
p<6>           |         |         |   76.915|   76.915|
p<7>           |         |         |   78.124|   78.124|
s<0>           |         |         |   78.153|   78.153|
s<1>           |         |         |   77.961|   77.961|
s<2>           |         |         |   77.875|   77.875|
s<3>           |         |         |   77.860|   77.860|
---------------+---------+---------+---------+---------+

Clock to Setup on destination clock p<5>
---------------+---------+---------+---------+---------+
               | Src:Rise| Src:Fall| Src:Rise| Src:Fall|
Source Clock   |Dest:Rise|Dest:Rise|Dest:Fall|Dest:Fall|
---------------+---------+---------+---------+---------+
p<4>           |         |         |   77.162|   77.162|
p<5>           |         |         |   77.387|   77.387|
p<6>           |         |         |   76.787|   76.787|
p<7>           |         |         |   77.996|   77.996|
s<0>           |         |         |   78.025|   78.025|
s<1>           |         |         |   77.833|   77.833|
s<2>           |         |         |   77.747|   77.747|
s<3>           |         |         |   77.732|   77.732|
---------------+---------+---------+---------+---------+

Clock to Setup on destination clock p<6>
---------------+---------+---------+---------+---------+
               | Src:Rise| Src:Fall| Src:Rise| Src:Fall|
Source Clock   |Dest:Rise|Dest:Rise|Dest:Fall|Dest:Fall|
---------------+---------+---------+---------+---------+
p<4>           |         |         |   78.682|   78.682|
p<5>           |         |         |   78.907|   78.907|
p<6>           |         |         |   78.307|   78.307|
p<7>           |         |         |   79.516|   79.516|
s<0>           |         |         |   79.545|   79.545|
s<1>           |         |         |   79.353|   79.353|
s<2>           |         |         |   79.267|   79.267|
s<3>           |         |         |   79.252|   79.252|
---------------+---------+---------+---------+---------+

Clock to Setup on destination clock p<7>
---------------+---------+---------+---------+---------+
               | Src:Rise| Src:Fall| Src:Rise| Src:Fall|
Source Clock   |Dest:Rise|Dest:Rise|Dest:Fall|Dest:Fall|
---------------+---------+---------+---------+---------+
p<4>           |         |         |   78.920|   78.920|
p<5>           |         |         |   79.145|   79.145|
p<6>           |         |         |   78.545|   78.545|
p<7>           |         |         |   79.754|   79.754|
s<0>           |         |         |   79.783|   79.783|
s<1>           |         |         |   79.591|   79.591|
s<2>           |         |         |   79.505|   79.505|
s<3>           |         |         |   79.490|   79.490|
---------------+---------+---------+---------+---------+

Clock to Setup on destination clock s<0>
---------------+---------+---------+---------+---------+
               | Src:Rise| Src:Fall| Src:Rise| Src:Fall|
Source Clock   |Dest:Rise|Dest:Rise|Dest:Fall|Dest:Fall|
---------------+---------+---------+---------+---------+
p<4>           |         |         |   76.603|   76.603|
p<5>           |         |         |   76.828|   76.828|
p<6>           |         |         |   76.228|   76.228|
p<7>           |         |         |   77.437|   77.437|
s<0>           |         |         |   77.466|   77.466|
s<1>           |         |         |   77.274|   77.274|
s<2>           |         |         |   77.188|   77.188|
s<3>           |         |         |   77.173|   77.173|
---------------+---------+---------+---------+---------+

Clock to Setup on destination clock s<1>
---------------+---------+---------+---------+---------+
               | Src:Rise| Src:Fall| Src:Rise| Src:Fall|
Source Clock   |Dest:Rise|Dest:Rise|Dest:Fall|Dest:Fall|
---------------+---------+---------+---------+---------+
p<4>           |         |         |   76.916|   76.916|
p<5>           |         |         |   77.141|   77.141|
p<6>           |         |         |   76.541|   76.541|
p<7>           |         |         |   77.750|   77.750|
s<0>           |         |         |   77.779|   77.779|
s<1>           |         |         |   77.587|   77.587|
s<2>           |         |         |   77.501|   77.501|
s<3>           |         |         |   77.486|   77.486|
---------------+---------+---------+---------+---------+

Clock to Setup on destination clock s<2>
---------------+---------+---------+---------+---------+
               | Src:Rise| Src:Fall| Src:Rise| Src:Fall|
Source Clock   |Dest:Rise|Dest:Rise|Dest:Fall|Dest:Fall|
---------------+---------+---------+---------+---------+
p<4>           |         |         |   78.355|   78.355|
p<5>           |         |         |   78.580|   78.580|
p<6>           |         |         |   77.980|   77.980|
p<7>           |         |         |   79.189|   79.189|
s<0>           |         |         |   79.218|   79.218|
s<1>           |         |         |   79.026|   79.026|
s<2>           |         |         |   78.940|   78.940|
s<3>           |         |         |   78.925|   78.925|
---------------+---------+---------+---------+---------+

Clock to Setup on destination clock s<3>
---------------+---------+---------+---------+---------+
               | Src:Rise| Src:Fall| Src:Rise| Src:Fall|
Source Clock   |Dest:Rise|Dest:Rise|Dest:Fall|Dest:Fall|
---------------+---------+---------+---------+---------+
p<4>           |         |         |   78.486|   78.486|
p<5>           |         |         |   78.711|   78.711|
p<6>           |         |         |   78.111|   78.111|
p<7>           |         |         |   79.320|   79.320|
s<0>           |         |         |   79.349|   79.349|
s<1>           |         |         |   79.157|   79.157|
s<2>           |         |         |   79.071|   79.071|
s<3>           |         |         |   79.056|   79.056|
---------------+---------+---------+---------+---------+

Pad to Pad
---------------+---------------+---------+
Source Pad     |Destination Pad|  Delay  |
---------------+---------------+---------+
p<4>           |overflow       |    9.750|
p<5>           |overflow       |    9.909|
p<6>           |overflow       |    8.010|
p<7>           |overflow       |    6.913|
s<0>           |overflow       |   10.608|
s<1>           |overflow       |   10.217|
s<2>           |overflow       |    8.419|
s<3>           |overflow       |    8.035|
---------------+---------------+---------+


Analysis completed Tue Dec 01 21:13:11 2020 
--------------------------------------------------------------------------------

Trace Settings:
-------------------------
Trace Settings 

Peak Memory Usage: 122 MB



