Release 14.7 - xst P.20131013 (nt64)
Copyright (c) 1995-2013 Xilinx, Inc.  All rights reserved.
--> Parameter TMPDIR set to xst/projnav.tmp


Total REAL time to Xst completion: 0.00 secs
Total CPU time to Xst completion: 0.15 secs
 
--> Parameter xsthdpdir set to xst


Total REAL time to Xst completion: 0.00 secs
Total CPU time to Xst completion: 0.15 secs
 
--> Reading design: Dual_RAM.prj

TABLE OF CONTENTS
  1) Synthesis Options Summary
  2) HDL Compilation
  3) Design Hierarchy Analysis
  4) HDL Analysis
  5) HDL Synthesis
     5.1) HDL Synthesis Report
  6) Advanced HDL Synthesis
     6.1) Advanced HDL Synthesis Report
  7) Low Level Synthesis
  8) Partition Report
  9) Final Report
	9.1) Device utilization summary
	9.2) Partition Resource Summary
	9.3) TIMING REPORT


=========================================================================
*                      Synthesis Options Summary                        *
=========================================================================
---- Source Parameters
Input File Name                    : "Dual_RAM.prj"
Input Format                       : mixed
Ignore Synthesis Constraint File   : NO

---- Target Parameters
Output File Name                   : "Dual_RAM"
Output Format                      : NGC
Target Device                      : xc3s400-5-pq208

---- Source Options
Top Module Name                    : Dual_RAM
Automatic FSM Extraction           : YES
FSM Encoding Algorithm             : Auto
Safe Implementation                : No
FSM Style                          : LUT
RAM Extraction                     : Yes
RAM Style                          : Auto
ROM Extraction                     : Yes
Mux Style                          : Auto
Decoder Extraction                 : YES
Priority Encoder Extraction        : Yes
Shift Register Extraction          : YES
Logical Shifter Extraction         : YES
XOR Collapsing                     : YES
ROM Style                          : Auto
Mux Extraction                     : Yes
Resource Sharing                   : YES
Asynchronous To Synchronous        : NO
Multiplier Style                   : Auto
Automatic Register Balancing       : No

---- Target Options
Add IO Buffers                     : YES
Global Maximum Fanout              : 100000
Add Generic Clock Buffer(BUFG)     : 8
Register Duplication               : YES
Slice Packing                      : YES
Optimize Instantiated Primitives   : NO
Use Clock Enable                   : Yes
Use Synchronous Set                : Yes
Use Synchronous Reset              : Yes
Pack IO Registers into IOBs        : Auto
Equivalent register Removal        : YES

---- General Options
Optimization Goal                  : Speed
Optimization Effort                : 1
Keep Hierarchy                     : No
Netlist Hierarchy                  : As_Optimized
RTL Output                         : Yes
Global Optimization                : AllClockNets
Read Cores                         : YES
Write Timing Constraints           : NO
Cross Clock Analysis               : NO
Hierarchy Separator                : /
Bus Delimiter                      : <>
Case Specifier                     : Maintain
Slice Utilization Ratio            : 100
BRAM Utilization Ratio             : 100
Verilog 2001                       : YES
Auto BRAM Packing                  : NO
Slice Utilization Ratio Delta      : 5

=========================================================================


=========================================================================
*                          HDL Compilation                              *
=========================================================================
Compiling vhdl file "C:/Users/MRSH/Documents/az/memories/Dual_RAM.vhd" in Library work.
Architecture behavioral of Entity dual_ram is up to date.

=========================================================================
*                     Design Hierarchy Analysis                         *
=========================================================================
Analyzing hierarchy for entity <Dual_RAM> in library <work> (architecture <behavioral>) with generics.
	C = 4
	W = 4


=========================================================================
*                            HDL Analysis                               *
=========================================================================
Analyzing generic Entity <Dual_RAM> in library <work> (Architecture <behavioral>).
	C = 4
	W = 4
Entity <Dual_RAM> analyzed. Unit <Dual_RAM> generated.


=========================================================================
*                           HDL Synthesis                               *
=========================================================================

Performing bidirectional port resolution...

Synthesizing Unit <Dual_RAM>.
    Related source file is "C:/Users/MRSH/Documents/az/memories/Dual_RAM.vhd".
    Found 4-bit register for signal <Data_out>.
    Found 4-bit 16-to-1 multiplexer for signal <$varindex0000> created at line 68.
    Found 64-bit register for signal <DualRam>.
    Summary:
	inferred  12 D-type flip-flop(s).
	inferred   4 Multiplexer(s).
Unit <Dual_RAM> synthesized.


=========================================================================
HDL Synthesis Report

Macro Statistics
# Registers                                            : 17
 4-bit register                                        : 17
# Multiplexers                                         : 1
 4-bit 16-to-1 multiplexer                             : 1

=========================================================================

=========================================================================
*                       Advanced HDL Synthesis                          *
=========================================================================


=========================================================================
Advanced HDL Synthesis Report

Macro Statistics
# Registers                                            : 68
 Flip-Flops                                            : 68
# Multiplexers                                         : 1
 4-bit 16-to-1 multiplexer                             : 1

=========================================================================

=========================================================================
*                         Low Level Synthesis                           *
=========================================================================

Optimizing unit <Dual_RAM> ...

Mapping all equations...
Building and optimizing final netlist ...
Found area constraint ratio of 100 (+ 5) on block Dual_RAM, actual ratio is 1.

Final Macro Processing ...

=========================================================================
Final Register Report

Macro Statistics
# Registers                                            : 68
 Flip-Flops                                            : 68

=========================================================================

=========================================================================
*                           Partition Report                            *
=========================================================================

Partition Implementation Status
-------------------------------

  No Partitions were found in this design.

-------------------------------

=========================================================================
*                            Final Report                               *
=========================================================================
Final Results
RTL Top Level Output File Name     : Dual_RAM.ngr
Top Level Output File Name         : Dual_RAM
Output Format                      : NGC
Optimization Goal                  : Speed
Keep Hierarchy                     : No

Design Statistics
# IOs                              : 16

Cell Usage :
# BELS                             : 86
#      GND                         : 1
#      INV                         : 1
#      LUT2                        : 4
#      LUT3                        : 32
#      LUT4                        : 16
#      MUXF5                       : 20
#      MUXF6                       : 8
#      MUXF7                       : 4
# FlipFlops/Latches                : 68
#      FDCE                        : 32
#      FDE                         : 4
#      FDPE                        : 32
# Clock Buffers                    : 1
#      BUFGP                       : 1
# IO Buffers                       : 15
#      IBUF                        : 11
#      OBUF                        : 4
=========================================================================

Device utilization summary:
---------------------------

Selected Device : 3s400pq208-5 

 Number of Slices:                       57  out of   3584     1%  
 Number of Slice Flip Flops:             68  out of   7168     0%  
 Number of 4 input LUTs:                 53  out of   7168     0%  
 Number of IOs:                          16
 Number of bonded IOBs:                  16  out of    141    11%  
 Number of GCLKs:                         1  out of      8    12%  

---------------------------
Partition Resource Summary:
---------------------------

  No Partitions were found in this design.

---------------------------


=========================================================================
TIMING REPORT

NOTE: THESE TIMING NUMBERS ARE ONLY A SYNTHESIS ESTIMATE.
      FOR ACCURATE TIMING INFORMATION PLEASE REFER TO THE TRACE REPORT
      GENERATED AFTER PLACE-and-ROUTE.

Clock Information:
------------------
-----------------------------------+------------------------+-------+
Clock Signal                       | Clock buffer(FF name)  | Load  |
-----------------------------------+------------------------+-------+
CLK                                | BUFGP                  | 68    |
-----------------------------------+------------------------+-------+

Asynchronous Control Signals Information:
----------------------------------------
-------------------------------------------------+------------------------+-------+
Control Signal                                   | Buffer(FF name)        | Load  |
-------------------------------------------------+------------------------+-------+
DualRam_10_Acst_inv(DualRam_10_Acst_inv1_INV_0:O)| NONE(DualRam_0_0)      | 64    |
-------------------------------------------------+------------------------+-------+

Timing Summary:
---------------
Speed Grade: -5

   Minimum period: 3.042ns (Maximum Frequency: 328.747MHz)
   Minimum input arrival time before clock: 5.356ns
   Maximum output required time after clock: 6.216ns
   Maximum combinational path delay: No path found

Timing Detail:
--------------
All values displayed in nanoseconds (ns)

=========================================================================
Timing constraint: Default period analysis for Clock 'CLK'
  Clock period: 3.042ns (frequency: 328.747MHz)
  Total number of paths / destination ports: 64 / 4
-------------------------------------------------------------------------
Delay:               3.042ns (Levels of Logic = 4)
  Source:            DualRam_0_0 (FF)
  Destination:       Data_out_0 (FF)
  Source Clock:      CLK rising
  Destination Clock: CLK rising

  Data Path: DualRam_0_0 to Data_out_0
                                Gate     Net
    Cell:in->out      fanout   Delay   Delay  Logical Name (Net Name)
    ----------------------------------------  ------------
     FDCE:C->Q             1   0.626   0.851  DualRam_0_0 (DualRam_0_0)
     LUT3:I1->O            1   0.479   0.000  Mmux__varindex0000_8 (Mmux__varindex0000_8)
     MUXF5:I0->O           1   0.314   0.000  Mmux__varindex0000_6_f5 (Mmux__varindex0000_6_f5)
     MUXF6:I0->O           1   0.298   0.000  Mmux__varindex0000_4_f6 (Mmux__varindex0000_4_f6)
     MUXF7:I0->O           1   0.298   0.000  Mmux__varindex0000_2_f7 (_varindex0000<0>)
     FDE:D                     0.176          Data_out_0
    ----------------------------------------
    Total                      3.042ns (2.191ns logic, 0.851ns route)
                                       (72.0% logic, 28.0% route)

=========================================================================
Timing constraint: Default OFFSET IN BEFORE for Clock 'CLK'
  Total number of paths / destination ports: 452 / 136
-------------------------------------------------------------------------
Offset:              5.356ns (Levels of Logic = 3)
  Source:            Addr<2> (PAD)
  Destination:       DualRam_15_0 (FF)
  Destination Clock: CLK rising

  Data Path: Addr<2> to DualRam_15_0
                                Gate     Net
    Cell:in->out      fanout   Delay   Delay  Logical Name (Net Name)
    ----------------------------------------  ------------
     IBUF:I->O            15   0.715   1.305  Addr_2_IBUF (Addr_2_IBUF)
     LUT2:I0->O            4   0.479   1.074  DualRam_4_and000011 (N5)
     LUT4:I0->O            4   0.479   0.779  DualRam_7_and00001 (DualRam_7_and0000)
     FDPE:CE                   0.524          DualRam_7_0
    ----------------------------------------
    Total                      5.356ns (2.197ns logic, 3.159ns route)
                                       (41.0% logic, 59.0% route)

=========================================================================
Timing constraint: Default OFFSET OUT AFTER for Clock 'CLK'
  Total number of paths / destination ports: 4 / 4
-------------------------------------------------------------------------
Offset:              6.216ns (Levels of Logic = 1)
  Source:            Data_out_3 (FF)
  Destination:       Data_out<3> (PAD)
  Source Clock:      CLK rising

  Data Path: Data_out_3 to Data_out<3>
                                Gate     Net
    Cell:in->out      fanout   Delay   Delay  Logical Name (Net Name)
    ----------------------------------------  ------------
     FDE:C->Q              1   0.626   0.681  Data_out_3 (Data_out_3)
     OBUF:I->O                 4.909          Data_out_3_OBUF (Data_out<3>)
    ----------------------------------------
    Total                      6.216ns (5.535ns logic, 0.681ns route)
                                       (89.0% logic, 11.0% route)

=========================================================================


Total REAL time to Xst completion: 6.00 secs
Total CPU time to Xst completion: 6.08 secs
 
--> 

Total memory usage is 4507092 kilobytes

Number of errors   :    0 (   0 filtered)
Number of warnings :    0 (   0 filtered)
Number of infos    :    0 (   0 filtered)

